/users/ha00014/.conda/envs/pytorch/lib/python3.10/site-packages/torch/cuda/__init__.py:1007: UserWarning: Can't initialize NVML
  raw_cnt = _raw_device_count_nvml()
/users/ha00014/.conda/envs/pytorch/lib/python3.10/site-packages/sklearn/base.py:493: UserWarning: X does not have valid feature names, but RobustScaler was fitted with feature names
  warnings.warn(
/users/ha00014/Halimas_projects/DeepLearning_CellCyelPhaseDetection_scRNASeq/cell_cycle_prediction/4_interpretability/run_shap_analysis.py:119: FutureWarning: `torch.cuda.amp.autocast(args...)` is deprecated. Please use `torch.amp.autocast('cuda', args...)` instead.
  with torch.no_grad(), torch.cuda.amp.autocast():

================================================================================
LOADING MODEL
================================================================================
Model: simpledense_NFT_nestorova_fld_1.pt
Loading model type: simpledense
Hyperparameters: {'learningrate': '0.0004583573004923492', 'optimizer': 'RMSprop', 'epochs': '1500'}
✓ Loaded DL model: simpledense
✓ Model loaded successfully (Deep Learning)
================================================================================

Loading benchmark data: Buettner_mESC
  [INFO] Using PREPROCESSED benchmark: Buettner_mESC
  Buettner_mESC: 100 missing genes, using zero imputation
  Loaded 288 samples
  Features: 6479

================================================================================
LOADING BACKGROUND DATA (training)
================================================================================
  Loading background CSV: /users/ha00014/Halimas_projects/DeepLearning_CellCyelPhaseDetection_scRNASeq/cell_cycle_prediction/1_consensus_labeling/assign/final_training_data_nestorova/nestorova_training_data.csv
  Shape after dropping metadata: 514 cells x 7104 genes
  Background ready: 514 cells x 6479 features (scaled)

================================================================================
SHAP ANALYSIS - DEEP LEARNING MODEL
================================================================================
Model: simpledense_NFT_nestorova_fld_1
  Background source: training data (--background_data)
Background samples: 514
Test samples: 10
Features: 6479
nsamples: 6480

Creating SHAP KernelExplainer...
Computing SHAP values (this may take a while)...
  0%|          | 0/10 [00:00<?, ?it/s] 10%|█         | 1/10 [00:05<00:51,  5.76s/it] 20%|██        | 2/10 [00:11<00:45,  5.69s/it] 30%|███       | 3/10 [00:16<00:39,  5.58s/it] 40%|████      | 4/10 [00:22<00:33,  5.52s/it] 50%|█████     | 5/10 [00:27<00:27,  5.50s/it] 60%|██████    | 6/10 [00:32<00:21,  5.25s/it] 70%|███████   | 7/10 [00:38<00:16,  5.35s/it] 80%|████████  | 8/10 [00:43<00:10,  5.36s/it] 90%|█████████ | 9/10 [00:48<00:05,  5.13s/it]100%|██████████| 10/10 [00:52<00:00,  4.98s/it]100%|██████████| 10/10 [00:52<00:00,  5.27s/it]
Shape of shap_values after mean: (10, 6479)

Generating SHAP summary plot...
  Saved: simpledense_NFT_nestorova_fld_1_shap_summary.png

Top 20 SHAP features: ['HIC2', 'SALL4', 'DSE', 'RTKN2', 'MYO10', 'RAI14', 'AKAP12', 'IGF2BP3', 'CTNNAL1', 'RIMKLB', 'ZDHHC2', 'FGD1', 'JUP', 'PGAP1', 'AGRN', 'EHBP1', 'ENC1', 'MREG', 'MAGED2', 'MYO1B']
✅ SHAP analysis completed. Results saved to results/shap_dnn3_nestorowa/mouse_to_mouse_buettner/simpledense_NFT_nestorova_fld_1_SHAP.txt

================================================================================
TOP 10 MOST IMPORTANT FEATURES
================================================================================
HIC2                          : 0.981642
SALL4                         : 0.867571
DSE                           : 0.824717
RTKN2                         : 0.648548
MYO10                         : 0.616881
RAI14                         : 0.567327
AKAP12                        : 0.561011
IGF2BP3                       : 0.528511
CTNNAL1                       : 0.521921
RIMKLB                        : 0.465468
================================================================================

